# bash completion for codex-zig
_codex_zig() {
    local cur prev
    COMPREPLY=()
    cur="${COMP_WORDS[COMP_CWORD]}"
    prev="${COMP_WORDS[COMP_CWORD-1]}"
    local commands="exec e review login logout mcp plugin mcp-server app-server remote-control app completion update doctor sandbox debug execpolicy apply a resume fork cloud responses-api-proxy stdio-to-uds exec-server features help"
    local global_options="--help -h --version -V --profile -p --profile-v2 --cd -C --add-dir --config -c --strict-config --model -m --image -i --enable --disable --oss --local-provider --ask-for-approval -a --approval-policy --sandbox -s --dangerously-bypass-approvals-and-sandbox --yolo --dangerously-bypass-hook-trust --search --remote --remote-auth-token-env --remote-control --remote-control-bind --no-alt-screen"
    case "$prev" in
        completion)
            COMPREPLY=( $(compgen -W "bash elvish fish powershell zsh" -- "$cur") )
            return
            ;;
        --ask-for-approval|-a|--approval-policy)
            COMPREPLY=( $(compgen -W "untrusted on-failure on-request never" -- "$cur") )
            return
            ;;
        --sandbox|-s)
            COMPREPLY=( $(compgen -W "read-only workspace-write danger-full-access" -- "$cur") )
            return
            ;;
        --local-provider)
            COMPREPLY=( $(compgen -W "lmstudio ollama" -- "$cur") )
            return
            ;;
    esac
    if [[ $COMP_CWORD == 1 ]]; then
        COMPREPLY=( $(compgen -W "$commands $global_options" -- "$cur") )
        return
    fi
    COMPREPLY=( $(compgen -W "$global_options" -- "$cur") )
}
complete -F _codex_zig codex-zig
