# elvish completion for codex-zig
edit:completion:arg-completer[codex-zig] = {|@words|
    var candidates = ['a' 'app' 'app-server' 'apply' 'auth-status' 'cloud' 'cloud-tasks' 'completion' 'debug' 'e' 'exec' 'exec-server' 'execpolicy' 'features' 'fork' 'help' 'login' 'logout' 'mcp' 'mcp-server' 'plugin' 'remote-control' 'review' 'resume' 'sandbox' 'sessions' 'update' '--help' '-h' '--version' '-V' '--profile' '-p' '--cd' '-C' '--add-dir' '--config' '-c' '--model' '-m' '--image' '-i' '--enable' '--disable' '--oss' '--local-provider' '--ask-for-approval' '-a' '--approval-policy' '--sandbox' '-s' '--dangerously-bypass-approvals-and-sandbox' '--yolo' '--search' '--remote' '--remote-auth-token-env' '--remote-control' '--remote-control-bind' '--no-alt-screen']
    if (> (count $words) 1) {
        if (== $words[1] completion) {
            put 'bash' 'elvish' 'fish' 'powershell' 'zsh'
            return
        }
    }
    put $@candidates
}
